============================= test session starts =============================
platform win32 -- Python 3.11.9, pytest-8.0.0, pluggy-1.6.0 -- C:\Users\admin\AppData\Local\Programs\Python\Python311\python.exe
cachedir: .pytest_cache
hypothesis profile 'default'
rootdir: C:\Users\admin\Projects\ai-ap-employee
configfile: pyproject.toml
plugins: anyio-4.12.1, hypothesis-6.148.8, asyncio-0.23.5, cov-7.0.0
asyncio: mode=Mode.AUTO
collecting ... collected 2 items / 1 deselected / 1 selected

tests/test_extraction.py::test_extraction_node_success FAILED            [100%]

================================== FAILURES ===================================
________________________ test_extraction_node_success _________________________

    @pytest.mark.asyncio
    async def test_extraction_node_success():
        # Mock DB
        with patch("app.agents.extraction.db") as mock_db:
            # Mock Invoices
            mock_invoice = MagicMock(spec=Invoice)
            mock_invoice.invoice_id = "inv_123"
            mock_invoice.company_id = "acme"
            mock_invoice.status = InvoiceStatus.INGESTION
            mock_invoice.file_path = "file_123"
    
            mock_db.invoices.get_by_field = AsyncMock(return_value=mock_invoice)
            mock_db.invoices.update = AsyncMock()
    
            # Mock GridFS
            mock_grid_out = AsyncMock()
            mock_grid_out.read.return_value = b"fake_content"
            mock_grid_out.filename = "invoice.pdf"
            mock_db.fs.open_download_stream = AsyncMock(return_value=mock_grid_out)
    
            # Mock OCR Tool
            with patch("app.agents.extraction.ocr_tool") as mock_ocr:
                mock_ocr.extract_text.return_value = "Invoice #123 Total: 100.00"
    
                # Mock Groq Tool
                with patch("app.agents.extraction.groq_tool") as mock_groq:
                    mock_groq.generate_structured.return_value = {
                        "vendor_name": "Test Vendor",
                        "invoice_number": "123",
                        "invoice_date": "2024-01-01",
                        "total": 100.00,
                        "subtotal": 100.00,
                        "vat_amount": 0.0,
                        "line_items": []
                    }
    
                    agent = ExtractionAgent()
                    state = {"invoice_id": "inv_123"}
    
                    result_state = await agent.extraction_node(state)
    
                    # Verify DB calls
                    # 1. Get invoice
                    mock_db.invoices.get_by_field.assert_called_with("invoice_id", "inv_123")
                    # 2. Update status to EXTRACTION
                    # 3. Update raw text
                    # 4. Update status to VALIDATION with data
>                   assert mock_db.invoices.update.call_count >= 3
E                   AssertionError: assert 1 >= 3
E                    +  where 1 = <AsyncMock name='db.invoices.update' id='2247397528272'>.call_count
E                    +    where <AsyncMock name='db.invoices.update' id='2247397528272'> = <MagicMock name='db.invoices' id='2247858610128'>.update
E                    +      where <MagicMock name='db.invoices' id='2247858610128'> = <MagicMock name='db' id='2247384721232'>.invoices

tests\test_extraction.py:56: AssertionError
------------------------------ Captured log call ------------------------------
ERROR    app.agents.extraction:extraction.py:99 GridFS retrieval failed: 'file_123' is not a valid ObjectId, it must be a 12-byte input or a 24-character hex string
============================== warnings summary ===============================
..\..\AppData\Local\Programs\Python\Python311\Lib\site-packages\pydantic\_internal\_config.py:272
..\..\AppData\Local\Programs\Python\Python311\Lib\site-packages\pydantic\_internal\_config.py:272
  C:\Users\admin\AppData\Local\Programs\Python\Python311\Lib\site-packages\pydantic\_internal\_config.py:272: PydanticDeprecatedSince20: Support for class-based `config` is deprecated, use ConfigDict instead. Deprecated in Pydantic V2.0 to be removed in V3.0. See Pydantic V2 Migration Guide at https://errors.pydantic.dev/2.6/migration/
    warnings.warn(DEPRECATION_MESSAGE, DeprecationWarning)

-- Docs: https://docs.pytest.org/en/stable/how-to/capture-warnings.html
=========================== short test summary info ===========================
FAILED tests/test_extraction.py::test_extraction_node_success - AssertionErro...
================= 1 failed, 1 deselected, 2 warnings in 9.95s =================
